// Jest Snapshot v1, https://goo.gl/fbAQLP

exports[`BikeContainer should match the snapshot 1`] = `
ShallowWrapper {
  "length": 1,
  Symbol(enzyme.__root__): [Circular],
  Symbol(enzyme.__unrendered__): <BikeContainer
    addBikes={[Function]}
    bikes={
        Array [
            Object {
              "brand_name": "BMC",
              "description": "My Bike.",
              "distance": 388206,
              "frame_type": 3,
              "id": "b1231",
              "model_name": "Teammachine",
              "primary": false,
              "resource_state": 3,
            },
          ]
    }
    user={
        Object {
            "athlete_type": 1,
            "badge_type_id": 4,
            "bikes": Array [
              Object {
                "distance": 0,
                "id": "b12345678987655",
                "name": "EMC",
                "primary": true,
                "resource_state": 2,
              },
            ],
            "city": "San Francisco",
            "clubs": Array [],
            "country": "US",
            "created_at": "2017-11-14T02:30:05Z",
            "date_preference": "%m/%d/%Y",
            "email": "mv@abc.com",
            "firstname": "Marianne",
            "follower": null,
            "follower_count": 5,
            "friend": null,
            "friend_count": 5,
            "ftp": null,
            "id": 1234567890987654400,
            "lastname": "V.",
            "measurement_preference": "feet",
            "mutual_friend_count": 0,
            "name": "Pat",
            "premium": true,
            "profile": "https://xxxxx.cloudfront.net/pictures/athletes/123456789/123456789/2/large.jpg",
            "profile_medium": "https://xxxxxx.cloudfront.net/pictures/athletes/123456789/123456789/2/medium.jpg",
            "resource_state": 3,
            "sex": "F",
            "shoes": Array [
              Object {
                "distance": 4904,
                "id": "g12345678987655",
                "name": "adidas",
                "primary": true,
                "resource_state": 2,
              },
            ],
            "state": "CA",
            "token": "2y589wyasdfhgfiouqehr8to8",
            "updated_at": "2018-02-06T19:32:20Z",
            "username": "marianne_v",
            "weight": 0,
          }
    }
/>,
  Symbol(enzyme.__renderer__): Object {
    "batchedUpdates": [Function],
    "getNode": [Function],
    "render": [Function],
    "simulateEvent": [Function],
    "unmount": [Function],
  },
  Symbol(enzyme.__node__): Object {
    "instance": null,
    "key": undefined,
    "nodeType": "host",
    "props": Object {
      "children": <div
        className="bike-card-container"
>
        <BikeCard
                bike={
                        Object {
                                "brand_name": "BMC",
                                "description": "My Bike.",
                                "distance": 388206,
                                "frame_type": 3,
                                "id": "b1231",
                                "model_name": "Teammachine",
                                "primary": false,
                                "resource_state": 3,
                              }
                }
        />
</div>,
      "className": "bike-container",
    },
    "ref": null,
    "rendered": Object {
      "instance": null,
      "key": undefined,
      "nodeType": "host",
      "props": Object {
        "children": Array [
          <BikeCard
            bike={
                        Object {
                                    "brand_name": "BMC",
                                    "description": "My Bike.",
                                    "distance": 388206,
                                    "frame_type": 3,
                                    "id": "b1231",
                                    "model_name": "Teammachine",
                                    "primary": false,
                                    "resource_state": 3,
                                  }
            }
/>,
        ],
        "className": "bike-card-container",
      },
      "ref": null,
      "rendered": Array [
        Object {
          "instance": null,
          "key": "b1231",
          "nodeType": "function",
          "props": Object {
            "bike": Object {
              "brand_name": "BMC",
              "description": "My Bike.",
              "distance": 388206,
              "frame_type": 3,
              "id": "b1231",
              "model_name": "Teammachine",
              "primary": false,
              "resource_state": 3,
            },
          },
          "ref": null,
          "rendered": null,
          "type": [Function],
        },
      ],
      "type": "div",
    },
    "type": "section",
  },
  Symbol(enzyme.__nodes__): Array [
    Object {
      "instance": null,
      "key": undefined,
      "nodeType": "host",
      "props": Object {
        "children": <div
          className="bike-card-container"
>
          <BikeCard
                    bike={
                              Object {
                                        "brand_name": "BMC",
                                        "description": "My Bike.",
                                        "distance": 388206,
                                        "frame_type": 3,
                                        "id": "b1231",
                                        "model_name": "Teammachine",
                                        "primary": false,
                                        "resource_state": 3,
                                      }
                    }
          />
</div>,
        "className": "bike-container",
      },
      "ref": null,
      "rendered": Object {
        "instance": null,
        "key": undefined,
        "nodeType": "host",
        "props": Object {
          "children": Array [
            <BikeCard
              bike={
                            Object {
                                          "brand_name": "BMC",
                                          "description": "My Bike.",
                                          "distance": 388206,
                                          "frame_type": 3,
                                          "id": "b1231",
                                          "model_name": "Teammachine",
                                          "primary": false,
                                          "resource_state": 3,
                                        }
              }
/>,
          ],
          "className": "bike-card-container",
        },
        "ref": null,
        "rendered": Array [
          Object {
            "instance": null,
            "key": "b1231",
            "nodeType": "function",
            "props": Object {
              "bike": Object {
                "brand_name": "BMC",
                "description": "My Bike.",
                "distance": 388206,
                "frame_type": 3,
                "id": "b1231",
                "model_name": "Teammachine",
                "primary": false,
                "resource_state": 3,
              },
            },
            "ref": null,
            "rendered": null,
            "type": [Function],
          },
        ],
        "type": "div",
      },
      "type": "section",
    },
  ],
  Symbol(enzyme.__options__): Object {
    "adapter": ReactSixteenAdapter {
      "options": Object {
        "enableComponentDidUpdateOnSetState": true,
      },
    },
    "disableLifeCycleMethods": true,
  },
}
`;
