// Jest Snapshot v1, https://goo.gl/fbAQLP

exports[`ToDoContainer should match the snapshot 1`] = `
ShallowWrapper {
  "length": 1,
  Symbol(enzyme.__root__): [Circular],
  Symbol(enzyme.__unrendered__): <ToDoContainer
    addTodos={[Function]}
    todos={
        Array [
            Object {
              "ascent": 1195,
              "conditionDate": "2018-04-11 12:26:40",
              "conditionDetails": "Mostly Dry",
              "conditionStatus": "All Clear",
              "descent": -2962,
              "difficulty": "black",
              "high": 6803,
              "id": 157369,
              "imgMedium": "https://img.youtube.com/vi/t5nCdl3OLBo/hqdefault.jpg",
              "imgSmall": "https://img.youtube.com/vi/t5nCdl3OLBo/hqdefault.jpg",
              "imgSmallMed": "https://img.youtube.com/vi/t5nCdl3OLBo/hqdefault.jpg",
              "imgSqSmall": "https://img.youtube.com/vi/t5nCdl3OLBo/hqdefault.jpg",
              "latitude": 38.5819,
              "length": 14.7,
              "location": "Moab, Utah",
              "longitude": -109.4164,
              "low": 4022,
              "name": "Porcupine Rim",
              "starVotes": 259,
              "stars": 4.7,
              "summary": "The world famous Porcupine Rim ride; a bone jarring route with a sweet singletrack finish.",
              "type": "Featured Ride",
              "url": "https://www.mtbproject.com/trail/157369/porcupine-rim",
            },
            Object {
              "ascent": 2035,
              "conditionDate": "2018-04-08 18:35:55",
              "conditionDetails": "Muddy, Snowy, Icy",
              "conditionStatus": "Bad / Closed",
              "descent": -5890,
              "difficulty": "blueBlack",
              "high": 11962,
              "id": 3671983,
              "imgMedium": "https://cdn-files.apstatic.com/mtb/7003758_medium_1436760699.jpg",
              "imgSmall": "https://cdn-files.apstatic.com/mtb/7003758_small_1436760699.jpg",
              "imgSqSmall": "https://cdn-files.apstatic.com/mtb/7003758_sqsmall_1436760699.jpg",
              "latitude": 38.4965,
              "length": 36.2,
              "location": "Whitepine, Colorado",
              "longitude": -106.3254,
              "low": 7458,
              "name": "Monarch Crest - IMBA EPIC",
              "starVotes": 179,
              "stars": 4.7,
              "summary": "One of Colorado's top 5 epic rides - classic high-altitude riding in the Rockies!",
              "type": "Featured Ride",
              "url": "https://www.mtbproject.com/trail/3671983/monarch-crest-imba-epic",
            },
          ]
    }
    user={
        Object {
            "id": 12,
            "name": "Pat",
            "token": "2y589wyasdfhgfiouqehr8to8",
          }
    }
/>,
  Symbol(enzyme.__renderer__): Object {
    "batchedUpdates": [Function],
    "getNode": [Function],
    "render": [Function],
    "simulateEvent": [Function],
    "unmount": [Function],
  },
  Symbol(enzyme.__node__): Object {
    "instance": null,
    "key": undefined,
    "nodeType": "host",
    "props": Object {
      "children": <div
        className="todo-card-container"
>
        <ToDoCard
                todo={
                        Object {
                                "ascent": 1195,
                                "conditionDate": "2018-04-11 12:26:40",
                                "conditionDetails": "Mostly Dry",
                                "conditionStatus": "All Clear",
                                "descent": -2962,
                                "difficulty": "black",
                                "high": 6803,
                                "id": 157369,
                                "imgMedium": "https://img.youtube.com/vi/t5nCdl3OLBo/hqdefault.jpg",
                                "imgSmall": "https://img.youtube.com/vi/t5nCdl3OLBo/hqdefault.jpg",
                                "imgSmallMed": "https://img.youtube.com/vi/t5nCdl3OLBo/hqdefault.jpg",
                                "imgSqSmall": "https://img.youtube.com/vi/t5nCdl3OLBo/hqdefault.jpg",
                                "latitude": 38.5819,
                                "length": 14.7,
                                "location": "Moab, Utah",
                                "longitude": -109.4164,
                                "low": 4022,
                                "name": "Porcupine Rim",
                                "starVotes": 259,
                                "stars": 4.7,
                                "summary": "The world famous Porcupine Rim ride; a bone jarring route with a sweet singletrack finish.",
                                "type": "Featured Ride",
                                "url": "https://www.mtbproject.com/trail/157369/porcupine-rim",
                              }
                }
        />
        <ToDoCard
                todo={
                        Object {
                                "ascent": 2035,
                                "conditionDate": "2018-04-08 18:35:55",
                                "conditionDetails": "Muddy, Snowy, Icy",
                                "conditionStatus": "Bad / Closed",
                                "descent": -5890,
                                "difficulty": "blueBlack",
                                "high": 11962,
                                "id": 3671983,
                                "imgMedium": "https://cdn-files.apstatic.com/mtb/7003758_medium_1436760699.jpg",
                                "imgSmall": "https://cdn-files.apstatic.com/mtb/7003758_small_1436760699.jpg",
                                "imgSqSmall": "https://cdn-files.apstatic.com/mtb/7003758_sqsmall_1436760699.jpg",
                                "latitude": 38.4965,
                                "length": 36.2,
                                "location": "Whitepine, Colorado",
                                "longitude": -106.3254,
                                "low": 7458,
                                "name": "Monarch Crest - IMBA EPIC",
                                "starVotes": 179,
                                "stars": 4.7,
                                "summary": "One of Colorado's top 5 epic rides - classic high-altitude riding in the Rockies!",
                                "type": "Featured Ride",
                                "url": "https://www.mtbproject.com/trail/3671983/monarch-crest-imba-epic",
                              }
                }
        />
</div>,
      "className": "todo-container",
    },
    "ref": null,
    "rendered": Object {
      "instance": null,
      "key": undefined,
      "nodeType": "host",
      "props": Object {
        "children": Array [
          Array [
            <ToDoCard
              todo={
                            Object {
                                          "ascent": 1195,
                                          "conditionDate": "2018-04-11 12:26:40",
                                          "conditionDetails": "Mostly Dry",
                                          "conditionStatus": "All Clear",
                                          "descent": -2962,
                                          "difficulty": "black",
                                          "high": 6803,
                                          "id": 157369,
                                          "imgMedium": "https://img.youtube.com/vi/t5nCdl3OLBo/hqdefault.jpg",
                                          "imgSmall": "https://img.youtube.com/vi/t5nCdl3OLBo/hqdefault.jpg",
                                          "imgSmallMed": "https://img.youtube.com/vi/t5nCdl3OLBo/hqdefault.jpg",
                                          "imgSqSmall": "https://img.youtube.com/vi/t5nCdl3OLBo/hqdefault.jpg",
                                          "latitude": 38.5819,
                                          "length": 14.7,
                                          "location": "Moab, Utah",
                                          "longitude": -109.4164,
                                          "low": 4022,
                                          "name": "Porcupine Rim",
                                          "starVotes": 259,
                                          "stars": 4.7,
                                          "summary": "The world famous Porcupine Rim ride; a bone jarring route with a sweet singletrack finish.",
                                          "type": "Featured Ride",
                                          "url": "https://www.mtbproject.com/trail/157369/porcupine-rim",
                                        }
              }
/>,
            <ToDoCard
              todo={
                            Object {
                                          "ascent": 2035,
                                          "conditionDate": "2018-04-08 18:35:55",
                                          "conditionDetails": "Muddy, Snowy, Icy",
                                          "conditionStatus": "Bad / Closed",
                                          "descent": -5890,
                                          "difficulty": "blueBlack",
                                          "high": 11962,
                                          "id": 3671983,
                                          "imgMedium": "https://cdn-files.apstatic.com/mtb/7003758_medium_1436760699.jpg",
                                          "imgSmall": "https://cdn-files.apstatic.com/mtb/7003758_small_1436760699.jpg",
                                          "imgSqSmall": "https://cdn-files.apstatic.com/mtb/7003758_sqsmall_1436760699.jpg",
                                          "latitude": 38.4965,
                                          "length": 36.2,
                                          "location": "Whitepine, Colorado",
                                          "longitude": -106.3254,
                                          "low": 7458,
                                          "name": "Monarch Crest - IMBA EPIC",
                                          "starVotes": 179,
                                          "stars": 4.7,
                                          "summary": "One of Colorado's top 5 epic rides - classic high-altitude riding in the Rockies!",
                                          "type": "Featured Ride",
                                          "url": "https://www.mtbproject.com/trail/3671983/monarch-crest-imba-epic",
                                        }
              }
/>,
          ],
          false,
        ],
        "className": "todo-card-container",
      },
      "ref": null,
      "rendered": Array [
        Object {
          "instance": null,
          "key": "157369",
          "nodeType": "function",
          "props": Object {
            "todo": Object {
              "ascent": 1195,
              "conditionDate": "2018-04-11 12:26:40",
              "conditionDetails": "Mostly Dry",
              "conditionStatus": "All Clear",
              "descent": -2962,
              "difficulty": "black",
              "high": 6803,
              "id": 157369,
              "imgMedium": "https://img.youtube.com/vi/t5nCdl3OLBo/hqdefault.jpg",
              "imgSmall": "https://img.youtube.com/vi/t5nCdl3OLBo/hqdefault.jpg",
              "imgSmallMed": "https://img.youtube.com/vi/t5nCdl3OLBo/hqdefault.jpg",
              "imgSqSmall": "https://img.youtube.com/vi/t5nCdl3OLBo/hqdefault.jpg",
              "latitude": 38.5819,
              "length": 14.7,
              "location": "Moab, Utah",
              "longitude": -109.4164,
              "low": 4022,
              "name": "Porcupine Rim",
              "starVotes": 259,
              "stars": 4.7,
              "summary": "The world famous Porcupine Rim ride; a bone jarring route with a sweet singletrack finish.",
              "type": "Featured Ride",
              "url": "https://www.mtbproject.com/trail/157369/porcupine-rim",
            },
          },
          "ref": null,
          "rendered": null,
          "type": [Function],
        },
        Object {
          "instance": null,
          "key": "3671983",
          "nodeType": "function",
          "props": Object {
            "todo": Object {
              "ascent": 2035,
              "conditionDate": "2018-04-08 18:35:55",
              "conditionDetails": "Muddy, Snowy, Icy",
              "conditionStatus": "Bad / Closed",
              "descent": -5890,
              "difficulty": "blueBlack",
              "high": 11962,
              "id": 3671983,
              "imgMedium": "https://cdn-files.apstatic.com/mtb/7003758_medium_1436760699.jpg",
              "imgSmall": "https://cdn-files.apstatic.com/mtb/7003758_small_1436760699.jpg",
              "imgSqSmall": "https://cdn-files.apstatic.com/mtb/7003758_sqsmall_1436760699.jpg",
              "latitude": 38.4965,
              "length": 36.2,
              "location": "Whitepine, Colorado",
              "longitude": -106.3254,
              "low": 7458,
              "name": "Monarch Crest - IMBA EPIC",
              "starVotes": 179,
              "stars": 4.7,
              "summary": "One of Colorado's top 5 epic rides - classic high-altitude riding in the Rockies!",
              "type": "Featured Ride",
              "url": "https://www.mtbproject.com/trail/3671983/monarch-crest-imba-epic",
            },
          },
          "ref": null,
          "rendered": null,
          "type": [Function],
        },
        false,
      ],
      "type": "div",
    },
    "type": "section",
  },
  Symbol(enzyme.__nodes__): Array [
    Object {
      "instance": null,
      "key": undefined,
      "nodeType": "host",
      "props": Object {
        "children": <div
          className="todo-card-container"
>
          <ToDoCard
                    todo={
                              Object {
                                        "ascent": 1195,
                                        "conditionDate": "2018-04-11 12:26:40",
                                        "conditionDetails": "Mostly Dry",
                                        "conditionStatus": "All Clear",
                                        "descent": -2962,
                                        "difficulty": "black",
                                        "high": 6803,
                                        "id": 157369,
                                        "imgMedium": "https://img.youtube.com/vi/t5nCdl3OLBo/hqdefault.jpg",
                                        "imgSmall": "https://img.youtube.com/vi/t5nCdl3OLBo/hqdefault.jpg",
                                        "imgSmallMed": "https://img.youtube.com/vi/t5nCdl3OLBo/hqdefault.jpg",
                                        "imgSqSmall": "https://img.youtube.com/vi/t5nCdl3OLBo/hqdefault.jpg",
                                        "latitude": 38.5819,
                                        "length": 14.7,
                                        "location": "Moab, Utah",
                                        "longitude": -109.4164,
                                        "low": 4022,
                                        "name": "Porcupine Rim",
                                        "starVotes": 259,
                                        "stars": 4.7,
                                        "summary": "The world famous Porcupine Rim ride; a bone jarring route with a sweet singletrack finish.",
                                        "type": "Featured Ride",
                                        "url": "https://www.mtbproject.com/trail/157369/porcupine-rim",
                                      }
                    }
          />
          <ToDoCard
                    todo={
                              Object {
                                        "ascent": 2035,
                                        "conditionDate": "2018-04-08 18:35:55",
                                        "conditionDetails": "Muddy, Snowy, Icy",
                                        "conditionStatus": "Bad / Closed",
                                        "descent": -5890,
                                        "difficulty": "blueBlack",
                                        "high": 11962,
                                        "id": 3671983,
                                        "imgMedium": "https://cdn-files.apstatic.com/mtb/7003758_medium_1436760699.jpg",
                                        "imgSmall": "https://cdn-files.apstatic.com/mtb/7003758_small_1436760699.jpg",
                                        "imgSqSmall": "https://cdn-files.apstatic.com/mtb/7003758_sqsmall_1436760699.jpg",
                                        "latitude": 38.4965,
                                        "length": 36.2,
                                        "location": "Whitepine, Colorado",
                                        "longitude": -106.3254,
                                        "low": 7458,
                                        "name": "Monarch Crest - IMBA EPIC",
                                        "starVotes": 179,
                                        "stars": 4.7,
                                        "summary": "One of Colorado's top 5 epic rides - classic high-altitude riding in the Rockies!",
                                        "type": "Featured Ride",
                                        "url": "https://www.mtbproject.com/trail/3671983/monarch-crest-imba-epic",
                                      }
                    }
          />
</div>,
        "className": "todo-container",
      },
      "ref": null,
      "rendered": Object {
        "instance": null,
        "key": undefined,
        "nodeType": "host",
        "props": Object {
          "children": Array [
            Array [
              <ToDoCard
                todo={
                                Object {
                                                "ascent": 1195,
                                                "conditionDate": "2018-04-11 12:26:40",
                                                "conditionDetails": "Mostly Dry",
                                                "conditionStatus": "All Clear",
                                                "descent": -2962,
                                                "difficulty": "black",
                                                "high": 6803,
                                                "id": 157369,
                                                "imgMedium": "https://img.youtube.com/vi/t5nCdl3OLBo/hqdefault.jpg",
                                                "imgSmall": "https://img.youtube.com/vi/t5nCdl3OLBo/hqdefault.jpg",
                                                "imgSmallMed": "https://img.youtube.com/vi/t5nCdl3OLBo/hqdefault.jpg",
                                                "imgSqSmall": "https://img.youtube.com/vi/t5nCdl3OLBo/hqdefault.jpg",
                                                "latitude": 38.5819,
                                                "length": 14.7,
                                                "location": "Moab, Utah",
                                                "longitude": -109.4164,
                                                "low": 4022,
                                                "name": "Porcupine Rim",
                                                "starVotes": 259,
                                                "stars": 4.7,
                                                "summary": "The world famous Porcupine Rim ride; a bone jarring route with a sweet singletrack finish.",
                                                "type": "Featured Ride",
                                                "url": "https://www.mtbproject.com/trail/157369/porcupine-rim",
                                              }
                }
/>,
              <ToDoCard
                todo={
                                Object {
                                                "ascent": 2035,
                                                "conditionDate": "2018-04-08 18:35:55",
                                                "conditionDetails": "Muddy, Snowy, Icy",
                                                "conditionStatus": "Bad / Closed",
                                                "descent": -5890,
                                                "difficulty": "blueBlack",
                                                "high": 11962,
                                                "id": 3671983,
                                                "imgMedium": "https://cdn-files.apstatic.com/mtb/7003758_medium_1436760699.jpg",
                                                "imgSmall": "https://cdn-files.apstatic.com/mtb/7003758_small_1436760699.jpg",
                                                "imgSqSmall": "https://cdn-files.apstatic.com/mtb/7003758_sqsmall_1436760699.jpg",
                                                "latitude": 38.4965,
                                                "length": 36.2,
                                                "location": "Whitepine, Colorado",
                                                "longitude": -106.3254,
                                                "low": 7458,
                                                "name": "Monarch Crest - IMBA EPIC",
                                                "starVotes": 179,
                                                "stars": 4.7,
                                                "summary": "One of Colorado's top 5 epic rides - classic high-altitude riding in the Rockies!",
                                                "type": "Featured Ride",
                                                "url": "https://www.mtbproject.com/trail/3671983/monarch-crest-imba-epic",
                                              }
                }
/>,
            ],
            false,
          ],
          "className": "todo-card-container",
        },
        "ref": null,
        "rendered": Array [
          Object {
            "instance": null,
            "key": "157369",
            "nodeType": "function",
            "props": Object {
              "todo": Object {
                "ascent": 1195,
                "conditionDate": "2018-04-11 12:26:40",
                "conditionDetails": "Mostly Dry",
                "conditionStatus": "All Clear",
                "descent": -2962,
                "difficulty": "black",
                "high": 6803,
                "id": 157369,
                "imgMedium": "https://img.youtube.com/vi/t5nCdl3OLBo/hqdefault.jpg",
                "imgSmall": "https://img.youtube.com/vi/t5nCdl3OLBo/hqdefault.jpg",
                "imgSmallMed": "https://img.youtube.com/vi/t5nCdl3OLBo/hqdefault.jpg",
                "imgSqSmall": "https://img.youtube.com/vi/t5nCdl3OLBo/hqdefault.jpg",
                "latitude": 38.5819,
                "length": 14.7,
                "location": "Moab, Utah",
                "longitude": -109.4164,
                "low": 4022,
                "name": "Porcupine Rim",
                "starVotes": 259,
                "stars": 4.7,
                "summary": "The world famous Porcupine Rim ride; a bone jarring route with a sweet singletrack finish.",
                "type": "Featured Ride",
                "url": "https://www.mtbproject.com/trail/157369/porcupine-rim",
              },
            },
            "ref": null,
            "rendered": null,
            "type": [Function],
          },
          Object {
            "instance": null,
            "key": "3671983",
            "nodeType": "function",
            "props": Object {
              "todo": Object {
                "ascent": 2035,
                "conditionDate": "2018-04-08 18:35:55",
                "conditionDetails": "Muddy, Snowy, Icy",
                "conditionStatus": "Bad / Closed",
                "descent": -5890,
                "difficulty": "blueBlack",
                "high": 11962,
                "id": 3671983,
                "imgMedium": "https://cdn-files.apstatic.com/mtb/7003758_medium_1436760699.jpg",
                "imgSmall": "https://cdn-files.apstatic.com/mtb/7003758_small_1436760699.jpg",
                "imgSqSmall": "https://cdn-files.apstatic.com/mtb/7003758_sqsmall_1436760699.jpg",
                "latitude": 38.4965,
                "length": 36.2,
                "location": "Whitepine, Colorado",
                "longitude": -106.3254,
                "low": 7458,
                "name": "Monarch Crest - IMBA EPIC",
                "starVotes": 179,
                "stars": 4.7,
                "summary": "One of Colorado's top 5 epic rides - classic high-altitude riding in the Rockies!",
                "type": "Featured Ride",
                "url": "https://www.mtbproject.com/trail/3671983/monarch-crest-imba-epic",
              },
            },
            "ref": null,
            "rendered": null,
            "type": [Function],
          },
          false,
        ],
        "type": "div",
      },
      "type": "section",
    },
  ],
  Symbol(enzyme.__options__): Object {
    "adapter": ReactSixteenAdapter {
      "options": Object {
        "enableComponentDidUpdateOnSetState": true,
      },
    },
  },
}
`;
