// Jest Snapshot v1, https://goo.gl/fbAQLP

exports[`redirectLogin should match the snapshot 1`] = `[Function]`;
