// Jest Snapshot v1, https://goo.gl/fbAQLP

exports[`Nav should match the snapshot 1`] = `
ShallowWrapper {
  "length": 1,
  Symbol(enzyme.__root__): [Circular],
  Symbol(enzyme.__unrendered__): <Nav />,
  Symbol(enzyme.__renderer__): Object {
    "batchedUpdates": [Function],
    "getNode": [Function],
    "render": [Function],
    "simulateEvent": [Function],
    "unmount": [Function],
  },
  Symbol(enzyme.__node__): Object {
    "instance": null,
    "key": undefined,
    "nodeType": "host",
    "props": Object {
      "children": <div
        className="nav-wrapper"
>
        <NavLink
                activeClassName="active-nav"
                ariaCurrent="true"
                className="nav-btn"
                to="/main/rides"
        >
                Rides
        </NavLink>
        <NavLink
                activeClassName="active-nav"
                ariaCurrent="true"
                className="nav-btn"
                to="/main/bikes"
        >
                Bikes
        </NavLink>
        <NavLink
                activeClassName="active-nav"
                ariaCurrent="true"
                className="nav-btn"
                to="/main/stats"
        >
                Rider Stats
        </NavLink>
        <NavLink
                activeClassName="active-nav"
                ariaCurrent="true"
                className="nav-btn"
                to="/main/todos"
        >
                Trails To Send
        </NavLink>
</div>,
      "className": "app-nav",
    },
    "ref": null,
    "rendered": Object {
      "instance": null,
      "key": undefined,
      "nodeType": "host",
      "props": Object {
        "children": Array [
          <NavLink
            activeClassName="active-nav"
            ariaCurrent="true"
            className="nav-btn"
            to="/main/rides"
>
            Rides
</NavLink>,
          <NavLink
            activeClassName="active-nav"
            ariaCurrent="true"
            className="nav-btn"
            to="/main/bikes"
>
            Bikes
</NavLink>,
          <NavLink
            activeClassName="active-nav"
            ariaCurrent="true"
            className="nav-btn"
            to="/main/stats"
>
            Rider Stats
</NavLink>,
          <NavLink
            activeClassName="active-nav"
            ariaCurrent="true"
            className="nav-btn"
            to="/main/todos"
>
            Trails To Send
</NavLink>,
        ],
        "className": "nav-wrapper",
      },
      "ref": null,
      "rendered": Array [
        Object {
          "instance": null,
          "key": undefined,
          "nodeType": "function",
          "props": Object {
            "activeClassName": "active-nav",
            "ariaCurrent": "true",
            "children": "Rides",
            "className": "nav-btn",
            "to": "/main/rides",
          },
          "ref": null,
          "rendered": "Rides",
          "type": [Function],
        },
        Object {
          "instance": null,
          "key": undefined,
          "nodeType": "function",
          "props": Object {
            "activeClassName": "active-nav",
            "ariaCurrent": "true",
            "children": "Bikes",
            "className": "nav-btn",
            "to": "/main/bikes",
          },
          "ref": null,
          "rendered": "Bikes",
          "type": [Function],
        },
        Object {
          "instance": null,
          "key": undefined,
          "nodeType": "function",
          "props": Object {
            "activeClassName": "active-nav",
            "ariaCurrent": "true",
            "children": "Rider Stats",
            "className": "nav-btn",
            "to": "/main/stats",
          },
          "ref": null,
          "rendered": "Rider Stats",
          "type": [Function],
        },
        Object {
          "instance": null,
          "key": undefined,
          "nodeType": "function",
          "props": Object {
            "activeClassName": "active-nav",
            "ariaCurrent": "true",
            "children": "Trails To Send",
            "className": "nav-btn",
            "to": "/main/todos",
          },
          "ref": null,
          "rendered": "Trails To Send",
          "type": [Function],
        },
      ],
      "type": "div",
    },
    "type": "nav",
  },
  Symbol(enzyme.__nodes__): Array [
    Object {
      "instance": null,
      "key": undefined,
      "nodeType": "host",
      "props": Object {
        "children": <div
          className="nav-wrapper"
>
          <NavLink
                    activeClassName="active-nav"
                    ariaCurrent="true"
                    className="nav-btn"
                    to="/main/rides"
          >
                    Rides
          </NavLink>
          <NavLink
                    activeClassName="active-nav"
                    ariaCurrent="true"
                    className="nav-btn"
                    to="/main/bikes"
          >
                    Bikes
          </NavLink>
          <NavLink
                    activeClassName="active-nav"
                    ariaCurrent="true"
                    className="nav-btn"
                    to="/main/stats"
          >
                    Rider Stats
          </NavLink>
          <NavLink
                    activeClassName="active-nav"
                    ariaCurrent="true"
                    className="nav-btn"
                    to="/main/todos"
          >
                    Trails To Send
          </NavLink>
</div>,
        "className": "app-nav",
      },
      "ref": null,
      "rendered": Object {
        "instance": null,
        "key": undefined,
        "nodeType": "host",
        "props": Object {
          "children": Array [
            <NavLink
              activeClassName="active-nav"
              ariaCurrent="true"
              className="nav-btn"
              to="/main/rides"
>
              Rides
</NavLink>,
            <NavLink
              activeClassName="active-nav"
              ariaCurrent="true"
              className="nav-btn"
              to="/main/bikes"
>
              Bikes
</NavLink>,
            <NavLink
              activeClassName="active-nav"
              ariaCurrent="true"
              className="nav-btn"
              to="/main/stats"
>
              Rider Stats
</NavLink>,
            <NavLink
              activeClassName="active-nav"
              ariaCurrent="true"
              className="nav-btn"
              to="/main/todos"
>
              Trails To Send
</NavLink>,
          ],
          "className": "nav-wrapper",
        },
        "ref": null,
        "rendered": Array [
          Object {
            "instance": null,
            "key": undefined,
            "nodeType": "function",
            "props": Object {
              "activeClassName": "active-nav",
              "ariaCurrent": "true",
              "children": "Rides",
              "className": "nav-btn",
              "to": "/main/rides",
            },
            "ref": null,
            "rendered": "Rides",
            "type": [Function],
          },
          Object {
            "instance": null,
            "key": undefined,
            "nodeType": "function",
            "props": Object {
              "activeClassName": "active-nav",
              "ariaCurrent": "true",
              "children": "Bikes",
              "className": "nav-btn",
              "to": "/main/bikes",
            },
            "ref": null,
            "rendered": "Bikes",
            "type": [Function],
          },
          Object {
            "instance": null,
            "key": undefined,
            "nodeType": "function",
            "props": Object {
              "activeClassName": "active-nav",
              "ariaCurrent": "true",
              "children": "Rider Stats",
              "className": "nav-btn",
              "to": "/main/stats",
            },
            "ref": null,
            "rendered": "Rider Stats",
            "type": [Function],
          },
          Object {
            "instance": null,
            "key": undefined,
            "nodeType": "function",
            "props": Object {
              "activeClassName": "active-nav",
              "ariaCurrent": "true",
              "children": "Trails To Send",
              "className": "nav-btn",
              "to": "/main/todos",
            },
            "ref": null,
            "rendered": "Trails To Send",
            "type": [Function],
          },
        ],
        "type": "div",
      },
      "type": "nav",
    },
  ],
  Symbol(enzyme.__options__): Object {
    "adapter": ReactSixteenAdapter {
      "options": Object {
        "enableComponentDidUpdateOnSetState": true,
      },
    },
  },
}
`;
